01:02:04.280004 IP 181.181.181.180 > 181.181.181.181: ICMP echo request, id 30783, seq 86, length 64
01:02:07.050004 IP 181.181.181.181 > 181.181.181.180: ICMP echo reply, id 30783, seq 86, length 64
01:02:07.260004 IP 181.181.181.181 > 181.181.181.180: ICMP echo request, id 30801, seq 3, length 1008
01:02:04.490004 IP 181.181.181.180 > 181.181.181.181: ICMP echo reply, id 30801, seq 3, length 1008
01:02:05.280004 IP 181.181.181.180 > 181.181.181.181: ICMP echo request, id 30783, seq 87, length 64
01:02:08.050004 IP 181.181.181.181 > 181.181.181.180: ICMP echo reply, id 30783, seq 87, length 64
01:02:08.260004 IP 181.181.181.181 > 181.181.181.180: ICMP echo request, id 30801, seq 4, length 1008
01:02:05.490004 IP 181.181.181.180 > 181.181.181.181: ICMP echo reply, id 30801, seq 4, length 1008
01:02:06.280004 IP 181.181.181.180 > 181.181.181.181: ICMP echo request, id 30783, seq 88, length 64
01:02:09.050004 IP 181.181.181.181 > 181.181.181.180: ICMP echo reply, id 30783, seq 88, length 64
01:02:09.260004 IP 181.181.181.181 > 181.181.181.180: ICMP echo request, id 30801, seq 5, length 1008
01:02:06.490004 IP 181.181.181.180 > 181.181.181.181: ICMP echo reply, id 30801, seq 5, length 1008
01:02:07.280004 IP 181.181.181.180 > 181.181.181.181: ICMP echo request, id 30783, seq 89, length 64
01:02:10.050004 IP 181.181.181.181 > 181.181.181.180: ICMP echo reply, id 30783, seq 89, length 64
01:02:10.260004 IP 181.181.181.181 > 181.181.181.180: ICMP echo request, id 30801, seq 6, length 1008
01:02:07.490004 IP 181.181.181.180 > 181.181.181.181: ICMP echo reply, id 30801, seq 6, length 1008
01:02:08.280004 IP 181.181.181.180 > 181.181.181.181: ICMP echo request, id 30783, seq 90, length 64
01:02:11.050004 IP 181.181.181.181 > 181.181.181.180: ICMP echo reply, id 30783, seq 90, length 64
01:02:11.260004 IP 181.181.181.181 > 181.181.181.180: ICMP echo request, id 30801, seq 7, length 1008
01:02:08.500004 IP 181.181.181.180 > 181.181.181.181: ICMP echo reply, id 30801, seq 7, length 1008
01:02:09.280004 IP 181.181.181.180 > 181.181.181.181: ICMP echo request, id 30783, seq 91, length 64
01:02:12.050004 IP 181.181.181.181 > 181.181.181.180: ICMP echo reply, id 30783, seq 91, length 64
01:02:12.260004 IP 181.181.181.181 > 181.181.181.180: ICMP echo request, id 30801, seq 8, length 1008
01:02:09.490004 IP 181.181.181.180 > 181.181.181.181: ICMP echo reply, id 30801, seq 8, length 1008
01:02:10.280004 IP 181.181.181.180 > 181.181.181.181: ICMP echo request, id 30783, seq 92, length 64
01:02:13.050004 IP 181.181.181.181 > 181.181.181.180: ICMP echo reply, id 30783, seq 92, length 64
01:02:13.260004 IP 181.181.181.181 > 181.181.181.180: ICMP echo request, id 30801, seq 9, length 1008
01:02:10.490004 IP 181.181.181.180 > 181.181.181.181: ICMP echo reply, id 30801, seq 9, length 1008
01:02:11.280004 IP 181.181.181.180 > 181.181.181.181: ICMP echo request, id 30783, seq 93, length 64
01:02:14.040004 IP 181.181.181.181 > 181.181.181.180: ICMP echo reply, id 30783, seq 93, length 64
01:02:12.280004 IP 181.181.181.180 > 181.181.181.181: ICMP echo request, id 30783, seq 94, length 64
01:02:15.050004 IP 181.181.181.181 > 181.181.181.180: ICMP echo reply, id 30783, seq 94, length 64
01:02:15.760004 IP 181.181.181.181 > 181.181.181.180: ICMP echo request, id 38409, seq 0, length 108
01:02:13.000004 IP 181.181.181.180 > 181.181.181.181: ICMP echo reply, id 38409, seq 0, length 108
01:02:13.280004 IP 181.181.181.180 > 181.181.181.181: ICMP echo request, id 30783, seq 95, length 64
01:02:16.050004 IP 181.181.181.181 > 181.181.181.180: ICMP echo reply, id 30783, seq 95, length 64
01:02:16.770004 IP 181.181.181.181 > 181.181.181.180: ICMP echo request, id 38409, seq 1, length 108
01:02:14.000004 IP 181.181.181.180 > 181.181.181.181: ICMP echo reply, id 38409, seq 1, length 108
01:02:14.280004 IP 181.181.181.180 > 181.181.181.181: ICMP echo request, id 30783, seq 96, length 64
01:02:17.050004 IP 181.181.181.181 > 181.181.181.180: ICMP echo reply, id 30783, seq 96, length 64
01:02:17.770004 IP 181.181.181.181 > 181.181.181.180: ICMP echo request, id 38409, seq 2, length 108
01:02:15.000004 IP 181.181.181.180 > 181.181.181.181: ICMP echo reply, id 38409, seq 2, length 108
01:02:15.280004 IP 181.181.181.180 > 181.181.181.181: ICMP echo request, id 30783, seq 97, length 64
01:02:18.040004 IP 181.181.181.181 > 181.181.181.180: ICMP echo reply, id 30783, seq 97, length 64
01:02:18.770004 IP 181.181.181.181 > 181.181.181.180: ICMP echo request, id 38409, seq 3, length 108
01:02:16.000004 IP 181.181.181.180 > 181.181.181.181: ICMP echo reply, id 38409, seq 3, length 108
01:02:16.280004 IP 181.181.181.180 > 181.181.181.181: ICMP echo request, id 30783, seq 98, length 64
01:02:19.050004 IP 181.181.181.181 > 181.181.181.180: ICMP echo reply, id 30783, seq 98, length 64
01:02:19.770004 IP 181.181.181.181 > 181.181.181.180: ICMP echo request, id 38409, seq 4, length 108
01:02:17.000004 IP 181.181.181.180 > 181.181.181.181: ICMP echo reply, id 38409, seq 4, length 108
01:02:17.280004 IP 181.181.181.180 > 181.181.181.181: ICMP echo request, id 30783, seq 99, length 64
01:02:20.050004 IP 181.181.181.181 > 181.181.181.180: ICMP echo reply, id 30783, seq 99, length 64
01:02:20.770004 IP 181.181.181.181 > 181.181.181.180: ICMP echo request, id 38409, seq 5, length 108
01:02:18.000004 IP 181.181.181.180 > 181.181.181.181: ICMP echo reply, id 38409, seq 5, length 108
01:02:18.280004 IP 181.181.181.180 > 181.181.181.181: ICMP echo request, id 30783, seq 100, length 64
01:02:21.050004 IP 181.181.181.181 > 181.181.181.180: ICMP echo reply, id 30783, seq 100, length 64
01:02:21.770004 IP 181.181.181.181 > 181.181.181.180: ICMP echo request, id 38409, seq 6, length 108
01:02:19.000004 IP 181.181.181.180 > 181.181.181.181: ICMP echo reply, id 38409, seq 6, length 108
01:02:19.280004 IP 181.181.181.180 > 181.181.181.181: ICMP echo request, id 30783, seq 101, length 64
01:02:22.040004 IP 181.181.181.181 > 181.181.181.180: ICMP echo reply, id 30783, seq 101, length 64
01:02:22.770004 IP 181.181.181.181 > 181.181.181.180: ICMP echo request, id 38409, seq 7, length 108
01:02:20.000004 IP 181.181.181.180 > 181.181.181.181: ICMP echo reply, id 38409, seq 7, length 108
01:02:20.280004 IP 181.181.181.180 > 181.181.181.181: ICMP echo request, id 30783, seq 102, length 64
01:02:23.050004 IP 181.181.181.181 > 181.181.181.180: ICMP echo reply, id 30783, seq 102, length 64
01:02:23.770004 IP 181.181.181.181 > 181.181.181.180: ICMP echo request, id 38409, seq 8, length 108
01:02:21.000004 IP 181.181.181.180 > 181.181.181.181: ICMP echo reply, id 38409, seq 8, length 108
01:02:21.280004 IP 181.181.181.180 > 181.181.181.181: ICMP echo request, id 30783, seq 103, length 64
01:02:24.040004 IP 181.181.181.181 > 181.181.181.180: ICMP echo reply, id 30783, seq 103, length 64
01:02:24.770004 IP 181.181.181.181 > 181.181.181.180: ICMP echo request, id 38409, seq 9, length 108
01:02:22.000004 IP 181.181.181.180 > 181.181.181.181: ICMP echo reply, id 38409, seq 9, length 108
01:02:22.280004 IP 181.181.181.180 > 181.181.181.181: ICMP echo request, id 30783, seq 104, length 64
01:02:25.050004 IP 181.181.181.181 > 181.181.181.180: ICMP echo reply, id 30783, seq 104, length 64
01:02:25.770004 IP 181.181.181.181 > 181.181.181.180: ICMP echo request, id 38409, seq 10, length 108
01:02:23.000004 IP 181.181.181.180 > 181.181.181.181: ICMP echo reply, id 38409, seq 10, length 108
01:02:23.280004 IP 181.181.181.180 > 181.181.181.181: ICMP echo request, id 30783, seq 105, length 64
01:02:26.040004 IP 181.181.181.181 > 181.181.181.180: ICMP echo reply, id 30783, seq 105, length 64
01:02:26.770004 IP 181.181.181.181 > 181.181.181.180: ICMP echo request, id 38409, seq 11, length 108
01:02:24.000004 IP 181.181.181.180 > 181.181.181.181: ICMP echo reply, id 38409, seq 11, length 108
01:02:24.280004 IP 181.181.181.180 > 181.181.181.181: ICMP echo request, id 30783, seq 106, length 64
01:02:27.050004 IP 181.181.181.181 > 181.181.181.180: ICMP echo reply, id 30783, seq 106, length 64
01:02:27.770004 IP 181.181.181.181 > 181.181.181.180: ICMP echo request, id 38409, seq 12, length 108
01:02:25.000004 IP 181.181.181.180 > 181.181.181.181: ICMP echo reply, id 38409, seq 12, length 108
01:02:25.280004 IP 181.181.181.180 > 181.181.181.181: ICMP echo request, id 30783, seq 107, length 64
01:02:28.050004 IP 181.181.181.181 > 181.181.181.180: ICMP echo reply, id 30783, seq 107, length 64
01:02:28.770004 IP 181.181.181.181 > 181.181.181.180: ICMP echo request, id 38409, seq 13, length 108
01:02:26.000004 IP 181.181.181.180 > 181.181.181.181: ICMP echo reply, id 38409, seq 13, length 108
01:02:26.280004 IP 181.181.181.180 > 181.181.181.181: ICMP echo request, id 30783, seq 108, length 64
01:02:29.040004 IP 181.181.181.181 > 181.181.181.180: ICMP echo reply, id 30783, seq 108, length 64
01:02:29.770004 IP 181.181.181.181 > 181.181.181.180: ICMP echo request, id 38409, seq 14, length 108
01:02:27.000004 IP 181.181.181.180 > 181.181.181.181: ICMP echo reply, id 38409, seq 14, length 108
01:02:27.280004 IP 181.181.181.180 > 181.181.181.181: ICMP echo request, id 30783, seq 109, length 64
01:02:30.040004 IP 181.181.181.181 > 181.181.181.180: ICMP echo reply, id 30783, seq 109, length 64
01:02:30.770004 IP 181.181.181.181 > 181.181.181.180: ICMP echo request, id 38409, seq 15, length 108
01:02:28.000004 IP 181.181.181.180 > 181.181.181.181: ICMP echo reply, id 38409, seq 15, length 108
01:02:28.280004 IP 181.181.181.180 > 181.181.181.181: ICMP echo request, id 30783, seq 110, length 64
01:02:31.040004 IP 181.181.181.181 > 181.181.181.180: ICMP echo reply, id 30783, seq 110, length 64
01:02:31.770004 IP 181.181.181.181 > 181.181.181.180: ICMP echo request, id 38409, seq 16, length 108
01:02:29.000004 IP 181.181.181.180 > 181.181.181.181: ICMP echo reply, id 38409, seq 16, length 108
01:02:29.280004 IP 181.181.181.180 > 181.181.181.181: ICMP echo request, id 30783, seq 111, length 64
01:02:32.050004 IP 181.181.181.181 > 181.181.181.180: ICMP echo reply, id 30783, seq 111, length 64
01:02:32.770004 IP 181.181.181.181 > 181.181.181.180: ICMP echo request, id 38409, seq 17, length 108
01:02:30.000004 IP 181.181.181.180 > 181.181.181.181: ICMP echo reply, id 38409, seq 17, length 108
01:02:30.280004 IP 181.181.181.180 > 181.181.181.181: ICMP echo request, id 30783, seq 112, length 64
01:02:33.040004 IP 181.181.181.181 > 181.181.181.180: ICMP echo reply, id 30783, seq 112, length 64
01:02:33.770004 IP 181.181.181.181 > 181.181.181.180: ICMP echo request, id 38409, seq 18, length 108
01:02:31.000004 IP 181.181.181.180 > 181.181.181.181: ICMP echo reply, id 38409, seq 18, length 108
01:02:31.280004 IP 181.181.181.180 > 181.181.181.181: ICMP echo request, id 30783, seq 113, length 64
01:02:34.050004 IP 181.181.181.181 > 181.181.181.180: ICMP echo reply, id 30783, seq 113, length 64
01:02:34.770004 IP 181.181.181.181 > 181.181.181.180: ICMP echo request, id 38409, seq 19, length 108
01:02:32.000004 IP 181.181.181.180 > 181.181.181.181: ICMP echo reply, id 38409, seq 19, length 108
01:02:32.280004 IP 181.181.181.180 > 181.181.181.181: ICMP echo request, id 30783, seq 114, length 64
01:02:35.040004 IP 181.181.181.181 > 181.181.181.180: ICMP echo reply, id 30783, seq 114, length 64
01:02:35.770004 IP 181.181.181.181 > 181.181.181.180: ICMP echo request, id 38409, seq 20, length 108
01:02:33.000004 IP 181.181.181.180 > 181.181.181.181: ICMP echo reply, id 38409, seq 20, length 108
01:02:33.280004 IP 181.181.181.180 > 181.181.181.181: ICMP echo request, id 30783, seq 115, length 64
01:02:36.040004 IP 181.181.181.181 > 181.181.181.180: ICMP echo reply, id 30783, seq 115, length 64
01:02:36.770004 IP 181.181.181.181 > 181.181.181.180: ICMP echo request, id 38409, seq 21, length 108
01:02:34.000004 IP 181.181.181.180 > 181.181.181.181: ICMP echo reply, id 38409, seq 21, length 108
01:02:34.280004 IP 181.181.181.180 > 181.181.181.181: ICMP echo request, id 30783, seq 116, length 64
01:02:37.050004 IP 181.181.181.181 > 181.181.181.180: ICMP echo reply, id 30783, seq 116, length 64
01:02:37.770004 IP 181.181.181.181 > 181.181.181.180: ICMP echo request, id 38409, seq 22, length 108
01:02:35.000004 IP 181.181.181.180 > 181.181.181.181: ICMP echo reply, id 38409, seq 22, length 108
01:02:35.280004 IP 181.181.181.180 > 181.181.181.181: ICMP echo request, id 30783, seq 117, length 64
01:02:38.050004 IP 181.181.181.181 > 181.181.181.180: ICMP echo reply, id 30783, seq 117, length 64
01:02:38.770004 IP 181.181.181.181 > 181.181.181.180: ICMP echo request, id 38409, seq 23, length 108
01:02:36.000004 IP 181.181.181.180 > 181.181.181.181: ICMP echo reply, id 38409, seq 23, length 108
01:02:36.280004 IP 181.181.181.180 > 181.181.181.181: ICMP echo request, id 30783, seq 118, length 64
01:02:39.050004 IP 181.181.181.181 > 181.181.181.180: ICMP echo reply, id 30783, seq 118, length 64
01:02:39.770004 IP 181.181.181.181 > 181.181.181.180: ICMP echo request, id 38409, seq 24, length 108
01:02:37.000004 IP 181.181.181.180 > 181.181.181.181: ICMP echo reply, id 38409, seq 24, length 108
01:02:37.280004 IP 181.181.181.180 > 181.181.181.181: ICMP echo request, id 30783, seq 119, length 64
01:02:40.050004 IP 181.181.181.181 > 181.181.181.180: ICMP echo reply, id 30783, seq 119, length 64
01:02:40.770004 IP 181.181.181.181 > 181.181.181.180: ICMP echo request, id 38409, seq 25, length 108
01:02:38.000004 IP 181.181.181.180 > 181.181.181.181: ICMP echo reply, id 38409, seq 25, length 108
01:02:38.280004 IP 181.181.181.180 > 181.181.181.181: ICMP echo request, id 30783, seq 120, length 64
01:02:41.040004 IP 181.181.181.181 > 181.181.181.180: ICMP echo reply, id 30783, seq 120, length 64
01:02:41.770004 IP 181.181.181.181 > 181.181.181.180: ICMP echo request, id 38409, seq 26, length 108
01:02:39.000004 IP 181.181.181.180 > 181.181.181.181: ICMP echo reply, id 38409, seq 26, length 108
01:02:39.280004 IP 181.181.181.180 > 181.181.181.181: ICMP echo request, id 30783, seq 121, length 64
01:02:42.050004 IP 181.181.181.181 > 181.181.181.180: ICMP echo reply, id 30783, seq 121, length 64
01:02:42.770004 IP 181.181.181.181 > 181.181.181.180: ICMP echo request, id 38409, seq 27, length 108
01:02:40.000004 IP 181.181.181.180 > 181.181.181.181: ICMP echo reply, id 38409, seq 27, length 108
01:02:40.280004 IP 181.181.181.180 > 181.181.181.181: ICMP echo request, id 30783, seq 122, length 64
01:02:43.050004 IP 181.181.181.181 > 181.181.181.180: ICMP echo reply, id 30783, seq 122, length 64
01:02:43.770004 IP 181.181.181.181 > 181.181.181.180: ICMP echo request, id 38409, seq 28, length 108
01:02:41.000004 IP 181.181.181.180 > 181.181.181.181: ICMP echo reply, id 38409, seq 28, length 108
01:02:41.280004 IP 181.181.181.180 > 181.181.181.181: ICMP echo request, id 30783, seq 123, length 64
01:02:44.050004 IP 181.181.181.181 > 181.181.181.180: ICMP echo reply, id 30783, seq 123, length 64
01:02:42.280004 IP 181.181.181.180 > 181.181.181.181: ICMP echo request, id 30783, seq 124, length 64
01:02:45.050004 IP 181.181.181.181 > 181.181.181.180: ICMP echo reply, id 30783, seq 124, length 64
