bus version 2, lock: 0, generation: 4, firstoff: 0x5fbc, lastoff: 0x5d7a
packet 0, offset 0x5fc8, length 0x0062, ts 124/280004
packet 1, offset 0x6036, length 0x0062, ts 127/050004
packet 2, offset 0x60a4, length 0x0412, ts 127/260004
packet 3, offset 0x64c2, length 0x0412, ts 124/490004
packet 4, offset 0x68e0, length 0x0062, ts 125/280004
packet 5, offset 0x694e, length 0x0062, ts 128/050004
packet 6, offset 0x69bc, length 0x0412, ts 128/260004
packet 7, offset 0x6dda, length 0x0412, ts 125/490004
packet 8, offset 0x71f8, length 0x0062, ts 126/280004
packet 9, offset 0x7266, length 0x0062, ts 129/050004
packet 10, offset 0x72d4, length 0x0412, ts 129/260004
packet 11, offset 0x76f2, length 0x0412, ts 126/490004
packet 12, offset 0x7b10, length 0x0062, ts 127/280004
packet 13, offset 0x7b7e, length 0x0062, ts 130/050004
packet 14, offset 0x7bec, length 0x0412, ts 130/260004
packet 15, offset 0x002a, length 0x0412, ts 127/490004
packet 16, offset 0x0448, length 0x0062, ts 128/280004
packet 17, offset 0x04b6, length 0x0062, ts 131/050004
packet 18, offset 0x0524, length 0x0412, ts 131/260004
packet 19, offset 0x0942, length 0x0412, ts 128/500004
packet 20, offset 0x0d60, length 0x0062, ts 129/280004
packet 21, offset 0x0dce, length 0x0062, ts 132/050004
packet 22, offset 0x0e3c, length 0x0412, ts 132/260004
packet 23, offset 0x125a, length 0x0412, ts 129/490004
packet 24, offset 0x1678, length 0x0062, ts 130/280004
packet 25, offset 0x16e6, length 0x0062, ts 133/050004
packet 26, offset 0x1754, length 0x0412, ts 133/260004
packet 27, offset 0x1b72, length 0x0412, ts 130/490004
packet 28, offset 0x1f90, length 0x0062, ts 131/280004
packet 29, offset 0x1ffe, length 0x0062, ts 134/040004
packet 30, offset 0x206c, length 0x0062, ts 132/280004
packet 31, offset 0x20da, length 0x0062, ts 135/050004
packet 32, offset 0x2148, length 0x008e, ts 135/760004
packet 33, offset 0x21e2, length 0x008e, ts 133/000004
packet 34, offset 0x227c, length 0x0062, ts 133/280004
packet 35, offset 0x22ea, length 0x0062, ts 136/050004
packet 36, offset 0x2358, length 0x008e, ts 136/770004
packet 37, offset 0x23f2, length 0x008e, ts 134/000004
packet 38, offset 0x248c, length 0x0062, ts 134/280004
packet 39, offset 0x24fa, length 0x0062, ts 137/050004
packet 40, offset 0x2568, length 0x008e, ts 137/770004
packet 41, offset 0x2602, length 0x008e, ts 135/000004
packet 42, offset 0x269c, length 0x0062, ts 135/280004
packet 43, offset 0x270a, length 0x0062, ts 138/040004
packet 44, offset 0x2778, length 0x008e, ts 138/770004
packet 45, offset 0x2812, length 0x008e, ts 136/000004
packet 46, offset 0x28ac, length 0x0062, ts 136/280004
packet 47, offset 0x291a, length 0x0062, ts 139/050004
packet 48, offset 0x2988, length 0x008e, ts 139/770004
packet 49, offset 0x2a22, length 0x008e, ts 137/000004
packet 50, offset 0x2abc, length 0x0062, ts 137/280004
packet 51, offset 0x2b2a, length 0x0062, ts 140/050004
packet 52, offset 0x2b98, length 0x008e, ts 140/770004
packet 53, offset 0x2c32, length 0x008e, ts 138/000004
packet 54, offset 0x2ccc, length 0x0062, ts 138/280004
packet 55, offset 0x2d3a, length 0x0062, ts 141/050004
packet 56, offset 0x2da8, length 0x008e, ts 141/770004
packet 57, offset 0x2e42, length 0x008e, ts 139/000004
packet 58, offset 0x2edc, length 0x0062, ts 139/280004
packet 59, offset 0x2f4a, length 0x0062, ts 142/040004
packet 60, offset 0x2fb8, length 0x008e, ts 142/770004
packet 61, offset 0x3052, length 0x008e, ts 140/000004
packet 62, offset 0x30ec, length 0x0062, ts 140/280004
packet 63, offset 0x315a, length 0x0062, ts 143/050004
packet 64, offset 0x31c8, length 0x008e, ts 143/770004
packet 65, offset 0x3262, length 0x008e, ts 141/000004
packet 66, offset 0x32fc, length 0x0062, ts 141/280004
packet 67, offset 0x336a, length 0x0062, ts 144/040004
packet 68, offset 0x33d8, length 0x008e, ts 144/770004
packet 69, offset 0x3472, length 0x008e, ts 142/000004
packet 70, offset 0x350c, length 0x0062, ts 142/280004
packet 71, offset 0x357a, length 0x0062, ts 145/050004
packet 72, offset 0x35e8, length 0x008e, ts 145/770004
packet 73, offset 0x3682, length 0x008e, ts 143/000004
packet 74, offset 0x371c, length 0x0062, ts 143/280004
packet 75, offset 0x378a, length 0x0062, ts 146/040004
packet 76, offset 0x37f8, length 0x008e, ts 146/770004
packet 77, offset 0x3892, length 0x008e, ts 144/000004
packet 78, offset 0x392c, length 0x0062, ts 144/280004
packet 79, offset 0x399a, length 0x0062, ts 147/050004
packet 80, offset 0x3a08, length 0x008e, ts 147/770004
packet 81, offset 0x3aa2, length 0x008e, ts 145/000004
packet 82, offset 0x3b3c, length 0x0062, ts 145/280004
packet 83, offset 0x3baa, length 0x0062, ts 148/050004
packet 84, offset 0x3c18, length 0x008e, ts 148/770004
packet 85, offset 0x3cb2, length 0x008e, ts 146/000004
packet 86, offset 0x3d4c, length 0x0062, ts 146/280004
packet 87, offset 0x3dba, length 0x0062, ts 149/040004
packet 88, offset 0x3e28, length 0x008e, ts 149/770004
packet 89, offset 0x3ec2, length 0x008e, ts 147/000004
packet 90, offset 0x3f5c, length 0x0062, ts 147/280004
packet 91, offset 0x3fca, length 0x0062, ts 150/040004
packet 92, offset 0x4038, length 0x008e, ts 150/770004
packet 93, offset 0x40d2, length 0x008e, ts 148/000004
packet 94, offset 0x416c, length 0x0062, ts 148/280004
packet 95, offset 0x41da, length 0x0062, ts 151/040004
packet 96, offset 0x4248, length 0x008e, ts 151/770004
packet 97, offset 0x42e2, length 0x008e, ts 149/000004
packet 98, offset 0x437c, length 0x0062, ts 149/280004
packet 99, offset 0x43ea, length 0x0062, ts 152/050004
packet 100, offset 0x4458, length 0x008e, ts 152/770004
packet 101, offset 0x44f2, length 0x008e, ts 150/000004
packet 102, offset 0x458c, length 0x0062, ts 150/280004
packet 103, offset 0x45fa, length 0x0062, ts 153/040004
packet 104, offset 0x4668, length 0x008e, ts 153/770004
packet 105, offset 0x4702, length 0x008e, ts 151/000004
packet 106, offset 0x479c, length 0x0062, ts 151/280004
packet 107, offset 0x480a, length 0x0062, ts 154/050004
packet 108, offset 0x4878, length 0x008e, ts 154/770004
packet 109, offset 0x4912, length 0x008e, ts 152/000004
packet 110, offset 0x49ac, length 0x0062, ts 152/280004
packet 111, offset 0x4a1a, length 0x0062, ts 155/040004
packet 112, offset 0x4a88, length 0x008e, ts 155/770004
packet 113, offset 0x4b22, length 0x008e, ts 153/000004
packet 114, offset 0x4bbc, length 0x0062, ts 153/280004
packet 115, offset 0x4c2a, length 0x0062, ts 156/040004
packet 116, offset 0x4c98, length 0x008e, ts 156/770004
packet 117, offset 0x4d32, length 0x008e, ts 154/000004
packet 118, offset 0x4dcc, length 0x0062, ts 154/280004
packet 119, offset 0x4e3a, length 0x0062, ts 157/050004
packet 120, offset 0x4ea8, length 0x008e, ts 157/770004
packet 121, offset 0x4f42, length 0x008e, ts 155/000004
packet 122, offset 0x4fdc, length 0x0062, ts 155/280004
packet 123, offset 0x504a, length 0x0062, ts 158/050004
packet 124, offset 0x50b8, length 0x008e, ts 158/770004
packet 125, offset 0x5152, length 0x008e, ts 156/000004
packet 126, offset 0x51ec, length 0x0062, ts 156/280004
packet 127, offset 0x525a, length 0x0062, ts 159/050004
packet 128, offset 0x52c8, length 0x008e, ts 159/770004
packet 129, offset 0x5362, length 0x008e, ts 157/000004
packet 130, offset 0x53fc, length 0x0062, ts 157/280004
packet 131, offset 0x546a, length 0x0062, ts 160/050004
packet 132, offset 0x54d8, length 0x008e, ts 160/770004
packet 133, offset 0x5572, length 0x008e, ts 158/000004
packet 134, offset 0x560c, length 0x0062, ts 158/280004
packet 135, offset 0x567a, length 0x0062, ts 161/040004
packet 136, offset 0x56e8, length 0x008e, ts 161/770004
packet 137, offset 0x5782, length 0x008e, ts 159/000004
packet 138, offset 0x581c, length 0x0062, ts 159/280004
packet 139, offset 0x588a, length 0x0062, ts 162/050004
packet 140, offset 0x58f8, length 0x008e, ts 162/770004
packet 141, offset 0x5992, length 0x008e, ts 160/000004
packet 142, offset 0x5a2c, length 0x0062, ts 160/280004
packet 143, offset 0x5a9a, length 0x0062, ts 163/050004
packet 144, offset 0x5b08, length 0x008e, ts 163/770004
packet 145, offset 0x5ba2, length 0x008e, ts 161/000004
packet 146, offset 0x5c3c, length 0x0062, ts 161/280004
packet 147, offset 0x5caa, length 0x0062, ts 164/050004
packet 148, offset 0x5d18, length 0x0062, ts 162/280004
packet 149, offset 0x5d86, length 0x0062, ts 165/050004
